// Jest Snapshot v1, https://goo.gl/fbAQLP

exports[`Search renders correctly 1`] = `
<DocumentFragment>
  <label
    for="search"
  >
    <input
      class="searchInput"
      placeholder="Search"
      type="text"
    />
  </label>
</DocumentFragment>
`;
